Copyright 1986-2022 Xilinx, Inc. All Rights Reserved. Copyright 2022-2025 Advanced Micro Devices, Inc. All Rights Reserved.
---------------------------------------------------------------------------------------------------------------------------------------------------------------------------------------------------------------------------------
| Tool Version : Vivado v.2025.2 (lin64) Build 6299465 Fri Nov 14 12:34:56 MST 2025
| Date         : Sat Sep 26 02:19:25 2026
| Host         : bashar-REDMI-Book-Pro-14-2025 running 64-bit Ubuntu 24.04.5 LTS
| Command      : report_timing_summary -max_paths 10 -routable_nets -report_unconstrained -file counter_timing_summary_routed.rpt -pb counter_timing_summary_routed.pb -rpx counter_timing_summary_routed.rpx -warn_on_violation
| Design       : counter
| Device       : 7z020-clg400
| Speed File   : -1  PRODUCTION 1.12 2019-11-22
| Design State : Routed
---------------------------------------------------------------------------------------------------------------------------------------------------------------------------------------------------------------------------------

Timing Summary Report

------------------------------------------------------------------------------------------------
| Timer Settings
| --------------
------------------------------------------------------------------------------------------------

  Enable Multi Corner Analysis               :  Yes
  Enable Pessimism Removal                   :  Yes
  Pessimism Removal Resolution               :  Nearest Common Node
  Enable Input Delay Default Clock           :  No
  Enable Preset / Clear Arcs                 :  No
  Disable Flight Delays                      :  No
  Ignore I/O Paths                           :  No
  Timing Early Launch at Borrowing Latches   :  No
  Borrow Time for Max Delay Exceptions       :  Yes
  Merge Timing Exceptions                    :  Yes
  Inter-SLR Compensation                     :  Conservative

  Corner  Analyze    Analyze    
  Name    Max Paths  Min Paths  
  ------  ---------  ---------  
  Slow    Yes        Yes        
  Fast    Yes        Yes        


------------------------------------------------------------------------------------------------
| Report Methodology
| ------------------
------------------------------------------------------------------------------------------------

Rule       Severity          Description                  Violations  
---------  ----------------  ---------------------------  ----------  
TIMING-17  Critical Warning  Non-clocked sequential cell  38          

Note: This report is based on the most recent report_methodology run and may not be up-to-date. Run report_methodology on the current design for the latest report.



check_timing report

Table of Contents
-----------------
1. checking no_clock (38)
2. checking constant_clock (0)
3. checking pulse_width_clock (0)
4. checking unconstrained_internal_endpoints (80)
5. checking no_input_delay (1)
6. checking no_output_delay (4)
7. checking multiple_clock (0)
8. checking generated_clocks (0)
9. checking loops (0)
10. checking partial_input_delay (0)
11. checking partial_output_delay (0)
12. checking latch_loops (0)

1. checking no_clock (38)
-------------------------
 There are 38 register/latch pins with no clock driven by root clock pin: sysclk (HIGH)


2. checking constant_clock (0)
------------------------------
 There are 0 register/latch pins with constant_clock.


3. checking pulse_width_clock (0)
---------------------------------
 There are 0 register/latch pins which need pulse_width check


4. checking unconstrained_internal_endpoints (80)
-------------------------------------------------
 There are 80 pins that are not constrained for maximum delay. (HIGH)

 There are 0 pins that are not constrained for maximum delay due to constant clock.


5. checking no_input_delay (1)
------------------------------
 There is 1 input port with no input delay specified. (HIGH)

 There are 0 input ports with no input delay but user has a false path constraint.


6. checking no_output_delay (4)
-------------------------------
 There are 4 ports with no output delay specified. (HIGH)

 There are 0 ports with no output delay but user has a false path constraint

 There are 0 ports with no output delay but with a timing clock defined on it or propagating through it


7. checking multiple_clock (0)
------------------------------
 There are 0 register/latch pins with multiple clocks.


8. checking generated_clocks (0)
--------------------------------
 There are 0 generated clocks that are not connected to a clock source.


9. checking loops (0)
---------------------
 There are 0 combinational loops in the design.


10. checking partial_input_delay (0)
------------------------------------
 There are 0 input ports with partial input delay specified.


11. checking partial_output_delay (0)
-------------------------------------
 There are 0 ports with partial output delay specified.


12. checking latch_loops (0)
----------------------------
 There are 0 combinational latch loops in the design through latch input



------------------------------------------------------------------------------------------------
| Design Timing Summary
| ---------------------
------------------------------------------------------------------------------------------------

    WNS(ns)      TNS(ns)  TNS Failing Endpoints  TNS Total Endpoints      WHS(ns)      THS(ns)  THS Failing Endpoints  THS Total Endpoints     WPWS(ns)     TPWS(ns)  TPWS Failing Endpoints  TPWS Total Endpoints  
    -------      -------  ---------------------  -------------------      -------      -------  ---------------------  -------------------     --------     --------  ----------------------  --------------------  
        inf        0.000                      0                   84          inf        0.000                      0                   84           NA           NA                      NA                    NA  


There are no user specified timing constraints.


------------------------------------------------------------------------------------------------
| Clock Summary
| -------------
------------------------------------------------------------------------------------------------


------------------------------------------------------------------------------------------------
| Intra Clock Table
| -----------------
------------------------------------------------------------------------------------------------

Clock             WNS(ns)      TNS(ns)  TNS Failing Endpoints  TNS Total Endpoints      WHS(ns)      THS(ns)  THS Failing Endpoints  THS Total Endpoints     WPWS(ns)     TPWS(ns)  TPWS Failing Endpoints  TPWS Total Endpoints  
-----             -------      -------  ---------------------  -------------------      -------      -------  ---------------------  -------------------     --------     --------  ----------------------  --------------------  


------------------------------------------------------------------------------------------------
| Inter Clock Table
| -----------------
------------------------------------------------------------------------------------------------

From Clock    To Clock          WNS(ns)      TNS(ns)  TNS Failing Endpoints  TNS Total Endpoints      WHS(ns)      THS(ns)  THS Failing Endpoints  THS Total Endpoints  
----------    --------          -------      -------  ---------------------  -------------------      -------      -------  ---------------------  -------------------  


------------------------------------------------------------------------------------------------
| Other Path Groups Table
| -----------------------
------------------------------------------------------------------------------------------------

Path Group    From Clock    To Clock          WNS(ns)      TNS(ns)  TNS Failing Endpoints  TNS Total Endpoints      WHS(ns)      THS(ns)  THS Failing Endpoints  THS Total Endpoints  
----------    ----------    --------          -------      -------  ---------------------  -------------------      -------      -------  ---------------------  -------------------  


------------------------------------------------------------------------------------------------
| User Ignored Path Table
| -----------------------
------------------------------------------------------------------------------------------------

Path Group    From Clock    To Clock    
----------    ----------    --------    


------------------------------------------------------------------------------------------------
| Unconstrained Path Table
| ------------------------
------------------------------------------------------------------------------------------------

Path Group    From Clock    To Clock    
----------    ----------    --------    
(none)                                    


------------------------------------------------------------------------------------------------
| Timing Details
| --------------
------------------------------------------------------------------------------------------------


--------------------------------------------------------------------------------------
Path Group:  (none)
From Clock:  
  To Clock:  

Max Delay            84 Endpoints
Min Delay            84 Endpoints
--------------------------------------------------------------------------------------


Max Delay Paths
--------------------------------------------------------------------------------------
Slack:                    inf
  Source:                 Hz/clock_div_count_reg[4]/C
                            (rising edge-triggered cell FDCE)
  Destination:            Hz/clock_div_count_reg[29]/D
  Path Group:             (none)
  Path Type:              Max at Slow Process Corner
  Data Path Delay:        6.636ns  (logic 2.372ns (35.747%)  route 4.264ns (64.253%))
  Logic Levels:           12  (CARRY4=8 FDCE=1 LUT5=1 LUT6=2)

    Location             Delay type                Incr(ns)  Path(ns)    Netlist Resource(s)
  -------------------------------------------------------------------    -------------------
    SLICE_X110Y104       FDCE                         0.000     0.000 r  Hz/clock_div_count_reg[4]/C
    SLICE_X110Y104       FDCE (Prop_fdce_C_Q)         0.456     0.456 f  Hz/clock_div_count_reg[4]/Q
                         net (fo=4, routed)           1.024     1.480    Hz/clock_div_count_reg[4]
    SLICE_X111Y103       LUT5 (Prop_lut5_I3_O)        0.124     1.604 r  Hz/clock_div_count[0]_i_14/O
                         net (fo=1, routed)           0.797     2.401    Hz/clock_div_count[0]_i_14_n_0
    SLICE_X111Y104       LUT6 (Prop_lut6_I3_O)        0.124     2.525 r  Hz/clock_div_count[0]_i_8/O
                         net (fo=33, routed)          1.600     4.124    Hz/clock_div_count[0]_i_8_n_0
    SLICE_X111Y109       LUT6 (Prop_lut6_I3_O)        0.124     4.248 r  Hz/clock_div_count[0]_i_2/O
                         net (fo=1, routed)           0.843     5.092    Hz/clock_div_count[0]_i_2_n_0
    SLICE_X110Y103       CARRY4 (Prop_carry4_DI[0]_CO[3])
                                                      0.526     5.618 r  Hz/clock_div_count_reg[0]_i_1/CO[3]
                         net (fo=1, routed)           0.000     5.618    Hz/clock_div_count_reg[0]_i_1_n_0
    SLICE_X110Y104       CARRY4 (Prop_carry4_CI_CO[3])
                                                      0.114     5.732 r  Hz/clock_div_count_reg[4]_i_1/CO[3]
                         net (fo=1, routed)           0.000     5.732    Hz/clock_div_count_reg[4]_i_1_n_0
    SLICE_X110Y105       CARRY4 (Prop_carry4_CI_CO[3])
                                                      0.114     5.846 r  Hz/clock_div_count_reg[8]_i_1/CO[3]
                         net (fo=1, routed)           0.000     5.846    Hz/clock_div_count_reg[8]_i_1_n_0
    SLICE_X110Y106       CARRY4 (Prop_carry4_CI_CO[3])
                                                      0.114     5.960 r  Hz/clock_div_count_reg[12]_i_1/CO[3]
                         net (fo=1, routed)           0.000     5.960    Hz/clock_div_count_reg[12]_i_1_n_0
    SLICE_X110Y107       CARRY4 (Prop_carry4_CI_CO[3])
                                                      0.114     6.074 r  Hz/clock_div_count_reg[16]_i_1/CO[3]
                         net (fo=1, routed)           0.000     6.074    Hz/clock_div_count_reg[16]_i_1_n_0
    SLICE_X110Y108       CARRY4 (Prop_carry4_CI_CO[3])
                                                      0.114     6.188 r  Hz/clock_div_count_reg[20]_i_1/CO[3]
                         net (fo=1, routed)           0.000     6.188    Hz/clock_div_count_reg[20]_i_1_n_0
    SLICE_X110Y109       CARRY4 (Prop_carry4_CI_CO[3])
                                                      0.114     6.302 r  Hz/clock_div_count_reg[24]_i_1/CO[3]
                         net (fo=1, routed)           0.000     6.302    Hz/clock_div_count_reg[24]_i_1_n_0
    SLICE_X110Y110       CARRY4 (Prop_carry4_CI_O[1])
                                                      0.334     6.636 r  Hz/clock_div_count_reg[28]_i_1/O[1]
                         net (fo=1, routed)           0.000     6.636    Hz/clock_div_count_reg[28]_i_1_n_6
    SLICE_X110Y110       FDCE                                         r  Hz/clock_div_count_reg[29]/D
  -------------------------------------------------------------------    -------------------

Slack:                    inf
  Source:                 Hz/clock_div_count_reg[4]/C
                            (rising edge-triggered cell FDCE)
  Destination:            Hz/clock_div_count_reg[31]/D
  Path Group:             (none)
  Path Type:              Max at Slow Process Corner
  Data Path Delay:        6.615ns  (logic 2.351ns (35.543%)  route 4.264ns (64.457%))
  Logic Levels:           12  (CARRY4=8 FDCE=1 LUT5=1 LUT6=2)

    Location             Delay type                Incr(ns)  Path(ns)    Netlist Resource(s)
  -------------------------------------------------------------------    -------------------
    SLICE_X110Y104       FDCE                         0.000     0.000 r  Hz/clock_div_count_reg[4]/C
    SLICE_X110Y104       FDCE (Prop_fdce_C_Q)         0.456     0.456 f  Hz/clock_div_count_reg[4]/Q
                         net (fo=4, routed)           1.024     1.480    Hz/clock_div_count_reg[4]
    SLICE_X111Y103       LUT5 (Prop_lut5_I3_O)        0.124     1.604 r  Hz/clock_div_count[0]_i_14/O
                         net (fo=1, routed)           0.797     2.401    Hz/clock_div_count[0]_i_14_n_0
    SLICE_X111Y104       LUT6 (Prop_lut6_I3_O)        0.124     2.525 r  Hz/clock_div_count[0]_i_8/O
                         net (fo=33, routed)          1.600     4.124    Hz/clock_div_count[0]_i_8_n_0
    SLICE_X111Y109       LUT6 (Prop_lut6_I3_O)        0.124     4.248 r  Hz/clock_div_count[0]_i_2/O
                         net (fo=1, routed)           0.843     5.092    Hz/clock_div_count[0]_i_2_n_0
    SLICE_X110Y103       CARRY4 (Prop_carry4_DI[0]_CO[3])
                                                      0.526     5.618 r  Hz/clock_div_count_reg[0]_i_1/CO[3]
                         net (fo=1, routed)           0.000     5.618    Hz/clock_div_count_reg[0]_i_1_n_0
    SLICE_X110Y104       CARRY4 (Prop_carry4_CI_CO[3])
                                                      0.114     5.732 r  Hz/clock_div_count_reg[4]_i_1/CO[3]
                         net (fo=1, routed)           0.000     5.732    Hz/clock_div_count_reg[4]_i_1_n_0
    SLICE_X110Y105       CARRY4 (Prop_carry4_CI_CO[3])
                                                      0.114     5.846 r  Hz/clock_div_count_reg[8]_i_1/CO[3]
                         net (fo=1, routed)           0.000     5.846    Hz/clock_div_count_reg[8]_i_1_n_0
    SLICE_X110Y106       CARRY4 (Prop_carry4_CI_CO[3])
                                                      0.114     5.960 r  Hz/clock_div_count_reg[12]_i_1/CO[3]
                         net (fo=1, routed)           0.000     5.960    Hz/clock_div_count_reg[12]_i_1_n_0
    SLICE_X110Y107       CARRY4 (Prop_carry4_CI_CO[3])
                                                      0.114     6.074 r  Hz/clock_div_count_reg[16]_i_1/CO[3]
                         net (fo=1, routed)           0.000     6.074    Hz/clock_div_count_reg[16]_i_1_n_0
    SLICE_X110Y108       CARRY4 (Prop_carry4_CI_CO[3])
                                                      0.114     6.188 r  Hz/clock_div_count_reg[20]_i_1/CO[3]
                         net (fo=1, routed)           0.000     6.188    Hz/clock_div_count_reg[20]_i_1_n_0
    SLICE_X110Y109       CARRY4 (Prop_carry4_CI_CO[3])
                                                      0.114     6.302 r  Hz/clock_div_count_reg[24]_i_1/CO[3]
                         net (fo=1, routed)           0.000     6.302    Hz/clock_div_count_reg[24]_i_1_n_0
    SLICE_X110Y110       CARRY4 (Prop_carry4_CI_O[3])
                                                      0.313     6.615 r  Hz/clock_div_count_reg[28]_i_1/O[3]
                         net (fo=1, routed)           0.000     6.615    Hz/clock_div_count_reg[28]_i_1_n_4
    SLICE_X110Y110       FDCE                                         r  Hz/clock_div_count_reg[31]/D
  -------------------------------------------------------------------    -------------------

Slack:                    inf
  Source:                 Hz/clock_div_count_reg[4]/C
                            (rising edge-triggered cell FDCE)
  Destination:            Hz/clock_div_count_reg[30]/D
  Path Group:             (none)
  Path Type:              Max at Slow Process Corner
  Data Path Delay:        6.541ns  (logic 2.277ns (34.813%)  route 4.264ns (65.187%))
  Logic Levels:           12  (CARRY4=8 FDCE=1 LUT5=1 LUT6=2)

    Location             Delay type                Incr(ns)  Path(ns)    Netlist Resource(s)
  -------------------------------------------------------------------    -------------------
    SLICE_X110Y104       FDCE                         0.000     0.000 r  Hz/clock_div_count_reg[4]/C
    SLICE_X110Y104       FDCE (Prop_fdce_C_Q)         0.456     0.456 f  Hz/clock_div_count_reg[4]/Q
                         net (fo=4, routed)           1.024     1.480    Hz/clock_div_count_reg[4]
    SLICE_X111Y103       LUT5 (Prop_lut5_I3_O)        0.124     1.604 r  Hz/clock_div_count[0]_i_14/O
                         net (fo=1, routed)           0.797     2.401    Hz/clock_div_count[0]_i_14_n_0
    SLICE_X111Y104       LUT6 (Prop_lut6_I3_O)        0.124     2.525 r  Hz/clock_div_count[0]_i_8/O
                         net (fo=33, routed)          1.600     4.124    Hz/clock_div_count[0]_i_8_n_0
    SLICE_X111Y109       LUT6 (Prop_lut6_I3_O)        0.124     4.248 r  Hz/clock_div_count[0]_i_2/O
                         net (fo=1, routed)           0.843     5.092    Hz/clock_div_count[0]_i_2_n_0
    SLICE_X110Y103       CARRY4 (Prop_carry4_DI[0]_CO[3])
                                                      0.526     5.618 r  Hz/clock_div_count_reg[0]_i_1/CO[3]
                         net (fo=1, routed)           0.000     5.618    Hz/clock_div_count_reg[0]_i_1_n_0
    SLICE_X110Y104       CARRY4 (Prop_carry4_CI_CO[3])
                                                      0.114     5.732 r  Hz/clock_div_count_reg[4]_i_1/CO[3]
                         net (fo=1, routed)           0.000     5.732    Hz/clock_div_count_reg[4]_i_1_n_0
    SLICE_X110Y105       CARRY4 (Prop_carry4_CI_CO[3])
                                                      0.114     5.846 r  Hz/clock_div_count_reg[8]_i_1/CO[3]
                         net (fo=1, routed)           0.000     5.846    Hz/clock_div_count_reg[8]_i_1_n_0
    SLICE_X110Y106       CARRY4 (Prop_carry4_CI_CO[3])
                                                      0.114     5.960 r  Hz/clock_div_count_reg[12]_i_1/CO[3]
                         net (fo=1, routed)           0.000     5.960    Hz/clock_div_count_reg[12]_i_1_n_0
    SLICE_X110Y107       CARRY4 (Prop_carry4_CI_CO[3])
                                                      0.114     6.074 r  Hz/clock_div_count_reg[16]_i_1/CO[3]
                         net (fo=1, routed)           0.000     6.074    Hz/clock_div_count_reg[16]_i_1_n_0
    SLICE_X110Y108       CARRY4 (Prop_carry4_CI_CO[3])
                                                      0.114     6.188 r  Hz/clock_div_count_reg[20]_i_1/CO[3]
                         net (fo=1, routed)           0.000     6.188    Hz/clock_div_count_reg[20]_i_1_n_0
    SLICE_X110Y109       CARRY4 (Prop_carry4_CI_CO[3])
                                                      0.114     6.302 r  Hz/clock_div_count_reg[24]_i_1/CO[3]
                         net (fo=1, routed)           0.000     6.302    Hz/clock_div_count_reg[24]_i_1_n_0
    SLICE_X110Y110       CARRY4 (Prop_carry4_CI_O[2])
                                                      0.239     6.541 r  Hz/clock_div_count_reg[28]_i_1/O[2]
                         net (fo=1, routed)           0.000     6.541    Hz/clock_div_count_reg[28]_i_1_n_5
    SLICE_X110Y110       FDCE                                         r  Hz/clock_div_count_reg[30]/D
  -------------------------------------------------------------------    -------------------

Slack:                    inf
  Source:                 Hz/clock_div_count_reg[4]/C
                            (rising edge-triggered cell FDCE)
  Destination:            Hz/clock_div_count_reg[28]/D
  Path Group:             (none)
  Path Type:              Max at Slow Process Corner
  Data Path Delay:        6.525ns  (logic 2.261ns (34.653%)  route 4.264ns (65.347%))
  Logic Levels:           12  (CARRY4=8 FDCE=1 LUT5=1 LUT6=2)

    Location             Delay type                Incr(ns)  Path(ns)    Netlist Resource(s)
  -------------------------------------------------------------------    -------------------
    SLICE_X110Y104       FDCE                         0.000     0.000 r  Hz/clock_div_count_reg[4]/C
    SLICE_X110Y104       FDCE (Prop_fdce_C_Q)         0.456     0.456 f  Hz/clock_div_count_reg[4]/Q
                         net (fo=4, routed)           1.024     1.480    Hz/clock_div_count_reg[4]
    SLICE_X111Y103       LUT5 (Prop_lut5_I3_O)        0.124     1.604 r  Hz/clock_div_count[0]_i_14/O
                         net (fo=1, routed)           0.797     2.401    Hz/clock_div_count[0]_i_14_n_0
    SLICE_X111Y104       LUT6 (Prop_lut6_I3_O)        0.124     2.525 r  Hz/clock_div_count[0]_i_8/O
                         net (fo=33, routed)          1.600     4.124    Hz/clock_div_count[0]_i_8_n_0
    SLICE_X111Y109       LUT6 (Prop_lut6_I3_O)        0.124     4.248 r  Hz/clock_div_count[0]_i_2/O
                         net (fo=1, routed)           0.843     5.092    Hz/clock_div_count[0]_i_2_n_0
    SLICE_X110Y103       CARRY4 (Prop_carry4_DI[0]_CO[3])
                                                      0.526     5.618 r  Hz/clock_div_count_reg[0]_i_1/CO[3]
                         net (fo=1, routed)           0.000     5.618    Hz/clock_div_count_reg[0]_i_1_n_0
    SLICE_X110Y104       CARRY4 (Prop_carry4_CI_CO[3])
                                                      0.114     5.732 r  Hz/clock_div_count_reg[4]_i_1/CO[3]
                         net (fo=1, routed)           0.000     5.732    Hz/clock_div_count_reg[4]_i_1_n_0
    SLICE_X110Y105       CARRY4 (Prop_carry4_CI_CO[3])
                                                      0.114     5.846 r  Hz/clock_div_count_reg[8]_i_1/CO[3]
                         net (fo=1, routed)           0.000     5.846    Hz/clock_div_count_reg[8]_i_1_n_0
    SLICE_X110Y106       CARRY4 (Prop_carry4_CI_CO[3])
                                                      0.114     5.960 r  Hz/clock_div_count_reg[12]_i_1/CO[3]
                         net (fo=1, routed)           0.000     5.960    Hz/clock_div_count_reg[12]_i_1_n_0
    SLICE_X110Y107       CARRY4 (Prop_carry4_CI_CO[3])
                                                      0.114     6.074 r  Hz/clock_div_count_reg[16]_i_1/CO[3]
                         net (fo=1, routed)           0.000     6.074    Hz/clock_div_count_reg[16]_i_1_n_0
    SLICE_X110Y108       CARRY4 (Prop_carry4_CI_CO[3])
                                                      0.114     6.188 r  Hz/clock_div_count_reg[20]_i_1/CO[3]
                         net (fo=1, routed)           0.000     6.188    Hz/clock_div_count_reg[20]_i_1_n_0
    SLICE_X110Y109       CARRY4 (Prop_carry4_CI_CO[3])
                                                      0.114     6.302 r  Hz/clock_div_count_reg[24]_i_1/CO[3]
                         net (fo=1, routed)           0.000     6.302    Hz/clock_div_count_reg[24]_i_1_n_0
    SLICE_X110Y110       CARRY4 (Prop_carry4_CI_O[0])
                                                      0.223     6.525 r  Hz/clock_div_count_reg[28]_i_1/O[0]
                         net (fo=1, routed)           0.000     6.525    Hz/clock_div_count_reg[28]_i_1_n_7
    SLICE_X110Y110       FDCE                                         r  Hz/clock_div_count_reg[28]/D
  -------------------------------------------------------------------    -------------------

Slack:                    inf
  Source:                 Hz/clock_div_count_reg[4]/C
                            (rising edge-triggered cell FDCE)
  Destination:            Hz/clock_div_count_reg[25]/D
  Path Group:             (none)
  Path Type:              Max at Slow Process Corner
  Data Path Delay:        6.522ns  (logic 2.258ns (34.623%)  route 4.264ns (65.377%))
  Logic Levels:           11  (CARRY4=7 FDCE=1 LUT5=1 LUT6=2)

    Location             Delay type                Incr(ns)  Path(ns)    Netlist Resource(s)
  -------------------------------------------------------------------    -------------------
    SLICE_X110Y104       FDCE                         0.000     0.000 r  Hz/clock_div_count_reg[4]/C
    SLICE_X110Y104       FDCE (Prop_fdce_C_Q)         0.456     0.456 f  Hz/clock_div_count_reg[4]/Q
                         net (fo=4, routed)           1.024     1.480    Hz/clock_div_count_reg[4]
    SLICE_X111Y103       LUT5 (Prop_lut5_I3_O)        0.124     1.604 r  Hz/clock_div_count[0]_i_14/O
                         net (fo=1, routed)           0.797     2.401    Hz/clock_div_count[0]_i_14_n_0
    SLICE_X111Y104       LUT6 (Prop_lut6_I3_O)        0.124     2.525 r  Hz/clock_div_count[0]_i_8/O
                         net (fo=33, routed)          1.600     4.124    Hz/clock_div_count[0]_i_8_n_0
    SLICE_X111Y109       LUT6 (Prop_lut6_I3_O)        0.124     4.248 r  Hz/clock_div_count[0]_i_2/O
                         net (fo=1, routed)           0.843     5.092    Hz/clock_div_count[0]_i_2_n_0
    SLICE_X110Y103       CARRY4 (Prop_carry4_DI[0]_CO[3])
                                                      0.526     5.618 r  Hz/clock_div_count_reg[0]_i_1/CO[3]
                         net (fo=1, routed)           0.000     5.618    Hz/clock_div_count_reg[0]_i_1_n_0
    SLICE_X110Y104       CARRY4 (Prop_carry4_CI_CO[3])
                                                      0.114     5.732 r  Hz/clock_div_count_reg[4]_i_1/CO[3]
                         net (fo=1, routed)           0.000     5.732    Hz/clock_div_count_reg[4]_i_1_n_0
    SLICE_X110Y105       CARRY4 (Prop_carry4_CI_CO[3])
                                                      0.114     5.846 r  Hz/clock_div_count_reg[8]_i_1/CO[3]
                         net (fo=1, routed)           0.000     5.846    Hz/clock_div_count_reg[8]_i_1_n_0
    SLICE_X110Y106       CARRY4 (Prop_carry4_CI_CO[3])
                                                      0.114     5.960 r  Hz/clock_div_count_reg[12]_i_1/CO[3]
                         net (fo=1, routed)           0.000     5.960    Hz/clock_div_count_reg[12]_i_1_n_0
    SLICE_X110Y107       CARRY4 (Prop_carry4_CI_CO[3])
                                                      0.114     6.074 r  Hz/clock_div_count_reg[16]_i_1/CO[3]
                         net (fo=1, routed)           0.000     6.074    Hz/clock_div_count_reg[16]_i_1_n_0
    SLICE_X110Y108       CARRY4 (Prop_carry4_CI_CO[3])
                                                      0.114     6.188 r  Hz/clock_div_count_reg[20]_i_1/CO[3]
                         net (fo=1, routed)           0.000     6.188    Hz/clock_div_count_reg[20]_i_1_n_0
    SLICE_X110Y109       CARRY4 (Prop_carry4_CI_O[1])
                                                      0.334     6.522 r  Hz/clock_div_count_reg[24]_i_1/O[1]
                         net (fo=1, routed)           0.000     6.522    Hz/clock_div_count_reg[24]_i_1_n_6
    SLICE_X110Y109       FDCE                                         r  Hz/clock_div_count_reg[25]/D
  -------------------------------------------------------------------    -------------------

Slack:                    inf
  Source:                 Hz/clock_div_count_reg[4]/C
                            (rising edge-triggered cell FDCE)
  Destination:            Hz/clock_div_count_reg[27]/D
  Path Group:             (none)
  Path Type:              Max at Slow Process Corner
  Data Path Delay:        6.501ns  (logic 2.237ns (34.412%)  route 4.264ns (65.588%))
  Logic Levels:           11  (CARRY4=7 FDCE=1 LUT5=1 LUT6=2)

    Location             Delay type                Incr(ns)  Path(ns)    Netlist Resource(s)
  -------------------------------------------------------------------    -------------------
    SLICE_X110Y104       FDCE                         0.000     0.000 r  Hz/clock_div_count_reg[4]/C
    SLICE_X110Y104       FDCE (Prop_fdce_C_Q)         0.456     0.456 f  Hz/clock_div_count_reg[4]/Q
                         net (fo=4, routed)           1.024     1.480    Hz/clock_div_count_reg[4]
    SLICE_X111Y103       LUT5 (Prop_lut5_I3_O)        0.124     1.604 r  Hz/clock_div_count[0]_i_14/O
                         net (fo=1, routed)           0.797     2.401    Hz/clock_div_count[0]_i_14_n_0
    SLICE_X111Y104       LUT6 (Prop_lut6_I3_O)        0.124     2.525 r  Hz/clock_div_count[0]_i_8/O
                         net (fo=33, routed)          1.600     4.124    Hz/clock_div_count[0]_i_8_n_0
    SLICE_X111Y109       LUT6 (Prop_lut6_I3_O)        0.124     4.248 r  Hz/clock_div_count[0]_i_2/O
                         net (fo=1, routed)           0.843     5.092    Hz/clock_div_count[0]_i_2_n_0
    SLICE_X110Y103       CARRY4 (Prop_carry4_DI[0]_CO[3])
                                                      0.526     5.618 r  Hz/clock_div_count_reg[0]_i_1/CO[3]
                         net (fo=1, routed)           0.000     5.618    Hz/clock_div_count_reg[0]_i_1_n_0
    SLICE_X110Y104       CARRY4 (Prop_carry4_CI_CO[3])
                                                      0.114     5.732 r  Hz/clock_div_count_reg[4]_i_1/CO[3]
                         net (fo=1, routed)           0.000     5.732    Hz/clock_div_count_reg[4]_i_1_n_0
    SLICE_X110Y105       CARRY4 (Prop_carry4_CI_CO[3])
                                                      0.114     5.846 r  Hz/clock_div_count_reg[8]_i_1/CO[3]
                         net (fo=1, routed)           0.000     5.846    Hz/clock_div_count_reg[8]_i_1_n_0
    SLICE_X110Y106       CARRY4 (Prop_carry4_CI_CO[3])
                                                      0.114     5.960 r  Hz/clock_div_count_reg[12]_i_1/CO[3]
                         net (fo=1, routed)           0.000     5.960    Hz/clock_div_count_reg[12]_i_1_n_0
    SLICE_X110Y107       CARRY4 (Prop_carry4_CI_CO[3])
                                                      0.114     6.074 r  Hz/clock_div_count_reg[16]_i_1/CO[3]
                         net (fo=1, routed)           0.000     6.074    Hz/clock_div_count_reg[16]_i_1_n_0
    SLICE_X110Y108       CARRY4 (Prop_carry4_CI_CO[3])
                                                      0.114     6.188 r  Hz/clock_div_count_reg[20]_i_1/CO[3]
                         net (fo=1, routed)           0.000     6.188    Hz/clock_div_count_reg[20]_i_1_n_0
    SLICE_X110Y109       CARRY4 (Prop_carry4_CI_O[3])
                                                      0.313     6.501 r  Hz/clock_div_count_reg[24]_i_1/O[3]
                         net (fo=1, routed)           0.000     6.501    Hz/clock_div_count_reg[24]_i_1_n_4
    SLICE_X110Y109       FDCE                                         r  Hz/clock_div_count_reg[27]/D
  -------------------------------------------------------------------    -------------------

Slack:                    inf
  Source:                 counter_reg[1]/C
                            (rising edge-triggered cell FDCE)
  Destination:            led[1]
                            (output port)
  Path Group:             (none)
  Path Type:              Max at Slow Process Corner
  Data Path Delay:        6.437ns  (logic 4.151ns (64.487%)  route 2.286ns (35.513%))
  Logic Levels:           2  (FDCE=1 OBUF=1)

    Location             Delay type                Incr(ns)  Path(ns)    Netlist Resource(s)
  -------------------------------------------------------------------    -------------------
    SLICE_X113Y103       FDCE                         0.000     0.000 r  counter_reg[1]/C
    SLICE_X113Y103       FDCE (Prop_fdce_C_Q)         0.419     0.419 r  counter_reg[1]/Q
                         net (fo=4, routed)           2.286     2.705    counter_reg_n_0_[1]
    P14                  OBUF (Prop_obuf_I_O)         3.732     6.437 r  led[1]_INST_0/O
                         net (fo=0)                   0.000     6.437    led[1]
    P14                                                               r  led[1] (OUT)
  -------------------------------------------------------------------    -------------------

Slack:                    inf
  Source:                 Hz/clock_div_count_reg[4]/C
                            (rising edge-triggered cell FDCE)
  Destination:            Hz/clock_div_count_reg[26]/D
  Path Group:             (none)
  Path Type:              Max at Slow Process Corner
  Data Path Delay:        6.427ns  (logic 2.163ns (33.657%)  route 4.264ns (66.343%))
  Logic Levels:           11  (CARRY4=7 FDCE=1 LUT5=1 LUT6=2)

    Location             Delay type                Incr(ns)  Path(ns)    Netlist Resource(s)
  -------------------------------------------------------------------    -------------------
    SLICE_X110Y104       FDCE                         0.000     0.000 r  Hz/clock_div_count_reg[4]/C
    SLICE_X110Y104       FDCE (Prop_fdce_C_Q)         0.456     0.456 f  Hz/clock_div_count_reg[4]/Q
                         net (fo=4, routed)           1.024     1.480    Hz/clock_div_count_reg[4]
    SLICE_X111Y103       LUT5 (Prop_lut5_I3_O)        0.124     1.604 r  Hz/clock_div_count[0]_i_14/O
                         net (fo=1, routed)           0.797     2.401    Hz/clock_div_count[0]_i_14_n_0
    SLICE_X111Y104       LUT6 (Prop_lut6_I3_O)        0.124     2.525 r  Hz/clock_div_count[0]_i_8/O
                         net (fo=33, routed)          1.600     4.124    Hz/clock_div_count[0]_i_8_n_0
    SLICE_X111Y109       LUT6 (Prop_lut6_I3_O)        0.124     4.248 r  Hz/clock_div_count[0]_i_2/O
                         net (fo=1, routed)           0.843     5.092    Hz/clock_div_count[0]_i_2_n_0
    SLICE_X110Y103       CARRY4 (Prop_carry4_DI[0]_CO[3])
                                                      0.526     5.618 r  Hz/clock_div_count_reg[0]_i_1/CO[3]
                         net (fo=1, routed)           0.000     5.618    Hz/clock_div_count_reg[0]_i_1_n_0
    SLICE_X110Y104       CARRY4 (Prop_carry4_CI_CO[3])
                                                      0.114     5.732 r  Hz/clock_div_count_reg[4]_i_1/CO[3]
                         net (fo=1, routed)           0.000     5.732    Hz/clock_div_count_reg[4]_i_1_n_0
    SLICE_X110Y105       CARRY4 (Prop_carry4_CI_CO[3])
                                                      0.114     5.846 r  Hz/clock_div_count_reg[8]_i_1/CO[3]
                         net (fo=1, routed)           0.000     5.846    Hz/clock_div_count_reg[8]_i_1_n_0
    SLICE_X110Y106       CARRY4 (Prop_carry4_CI_CO[3])
                                                      0.114     5.960 r  Hz/clock_div_count_reg[12]_i_1/CO[3]
                         net (fo=1, routed)           0.000     5.960    Hz/clock_div_count_reg[12]_i_1_n_0
    SLICE_X110Y107       CARRY4 (Prop_carry4_CI_CO[3])
                                                      0.114     6.074 r  Hz/clock_div_count_reg[16]_i_1/CO[3]
                         net (fo=1, routed)           0.000     6.074    Hz/clock_div_count_reg[16]_i_1_n_0
    SLICE_X110Y108       CARRY4 (Prop_carry4_CI_CO[3])
                                                      0.114     6.188 r  Hz/clock_div_count_reg[20]_i_1/CO[3]
                         net (fo=1, routed)           0.000     6.188    Hz/clock_div_count_reg[20]_i_1_n_0
    SLICE_X110Y109       CARRY4 (Prop_carry4_CI_O[2])
                                                      0.239     6.427 r  Hz/clock_div_count_reg[24]_i_1/O[2]
                         net (fo=1, routed)           0.000     6.427    Hz/clock_div_count_reg[24]_i_1_n_5
    SLICE_X110Y109       FDCE                                         r  Hz/clock_div_count_reg[26]/D
  -------------------------------------------------------------------    -------------------

Slack:                    inf
  Source:                 Hz/clock_div_count_reg[4]/C
                            (rising edge-triggered cell FDCE)
  Destination:            Hz/clock_div_count_reg[24]/D
  Path Group:             (none)
  Path Type:              Max at Slow Process Corner
  Data Path Delay:        6.411ns  (logic 2.147ns (33.491%)  route 4.264ns (66.509%))
  Logic Levels:           11  (CARRY4=7 FDCE=1 LUT5=1 LUT6=2)

    Location             Delay type                Incr(ns)  Path(ns)    Netlist Resource(s)
  -------------------------------------------------------------------    -------------------
    SLICE_X110Y104       FDCE                         0.000     0.000 r  Hz/clock_div_count_reg[4]/C
    SLICE_X110Y104       FDCE (Prop_fdce_C_Q)         0.456     0.456 f  Hz/clock_div_count_reg[4]/Q
                         net (fo=4, routed)           1.024     1.480    Hz/clock_div_count_reg[4]
    SLICE_X111Y103       LUT5 (Prop_lut5_I3_O)        0.124     1.604 r  Hz/clock_div_count[0]_i_14/O
                         net (fo=1, routed)           0.797     2.401    Hz/clock_div_count[0]_i_14_n_0
    SLICE_X111Y104       LUT6 (Prop_lut6_I3_O)        0.124     2.525 r  Hz/clock_div_count[0]_i_8/O
                         net (fo=33, routed)          1.600     4.124    Hz/clock_div_count[0]_i_8_n_0
    SLICE_X111Y109       LUT6 (Prop_lut6_I3_O)        0.124     4.248 r  Hz/clock_div_count[0]_i_2/O
                         net (fo=1, routed)           0.843     5.092    Hz/clock_div_count[0]_i_2_n_0
    SLICE_X110Y103       CARRY4 (Prop_carry4_DI[0]_CO[3])
                                                      0.526     5.618 r  Hz/clock_div_count_reg[0]_i_1/CO[3]
                         net (fo=1, routed)           0.000     5.618    Hz/clock_div_count_reg[0]_i_1_n_0
    SLICE_X110Y104       CARRY4 (Prop_carry4_CI_CO[3])
                                                      0.114     5.732 r  Hz/clock_div_count_reg[4]_i_1/CO[3]
                         net (fo=1, routed)           0.000     5.732    Hz/clock_div_count_reg[4]_i_1_n_0
    SLICE_X110Y105       CARRY4 (Prop_carry4_CI_CO[3])
                                                      0.114     5.846 r  Hz/clock_div_count_reg[8]_i_1/CO[3]
                         net (fo=1, routed)           0.000     5.846    Hz/clock_div_count_reg[8]_i_1_n_0
    SLICE_X110Y106       CARRY4 (Prop_carry4_CI_CO[3])
                                                      0.114     5.960 r  Hz/clock_div_count_reg[12]_i_1/CO[3]
                         net (fo=1, routed)           0.000     5.960    Hz/clock_div_count_reg[12]_i_1_n_0
    SLICE_X110Y107       CARRY4 (Prop_carry4_CI_CO[3])
                                                      0.114     6.074 r  Hz/clock_div_count_reg[16]_i_1/CO[3]
                         net (fo=1, routed)           0.000     6.074    Hz/clock_div_count_reg[16]_i_1_n_0
    SLICE_X110Y108       CARRY4 (Prop_carry4_CI_CO[3])
                                                      0.114     6.188 r  Hz/clock_div_count_reg[20]_i_1/CO[3]
                         net (fo=1, routed)           0.000     6.188    Hz/clock_div_count_reg[20]_i_1_n_0
    SLICE_X110Y109       CARRY4 (Prop_carry4_CI_O[0])
                                                      0.223     6.411 r  Hz/clock_div_count_reg[24]_i_1/O[0]
                         net (fo=1, routed)           0.000     6.411    Hz/clock_div_count_reg[24]_i_1_n_7
    SLICE_X110Y109       FDCE                                         r  Hz/clock_div_count_reg[24]/D
  -------------------------------------------------------------------    -------------------

Slack:                    inf
  Source:                 Hz/clock_div_count_reg[4]/C
                            (rising edge-triggered cell FDCE)
  Destination:            Hz/clock_div_count_reg[21]/D
  Path Group:             (none)
  Path Type:              Max at Slow Process Corner
  Data Path Delay:        6.408ns  (logic 2.144ns (33.460%)  route 4.264ns (66.540%))
  Logic Levels:           10  (CARRY4=6 FDCE=1 LUT5=1 LUT6=2)

    Location             Delay type                Incr(ns)  Path(ns)    Netlist Resource(s)
  -------------------------------------------------------------------    -------------------
    SLICE_X110Y104       FDCE                         0.000     0.000 r  Hz/clock_div_count_reg[4]/C
    SLICE_X110Y104       FDCE (Prop_fdce_C_Q)         0.456     0.456 f  Hz/clock_div_count_reg[4]/Q
                         net (fo=4, routed)           1.024     1.480    Hz/clock_div_count_reg[4]
    SLICE_X111Y103       LUT5 (Prop_lut5_I3_O)        0.124     1.604 r  Hz/clock_div_count[0]_i_14/O
                         net (fo=1, routed)           0.797     2.401    Hz/clock_div_count[0]_i_14_n_0
    SLICE_X111Y104       LUT6 (Prop_lut6_I3_O)        0.124     2.525 r  Hz/clock_div_count[0]_i_8/O
                         net (fo=33, routed)          1.600     4.124    Hz/clock_div_count[0]_i_8_n_0
    SLICE_X111Y109       LUT6 (Prop_lut6_I3_O)        0.124     4.248 r  Hz/clock_div_count[0]_i_2/O
                         net (fo=1, routed)           0.843     5.092    Hz/clock_div_count[0]_i_2_n_0
    SLICE_X110Y103       CARRY4 (Prop_carry4_DI[0]_CO[3])
                                                      0.526     5.618 r  Hz/clock_div_count_reg[0]_i_1/CO[3]
                         net (fo=1, routed)           0.000     5.618    Hz/clock_div_count_reg[0]_i_1_n_0
    SLICE_X110Y104       CARRY4 (Prop_carry4_CI_CO[3])
                                                      0.114     5.732 r  Hz/clock_div_count_reg[4]_i_1/CO[3]
                         net (fo=1, routed)           0.000     5.732    Hz/clock_div_count_reg[4]_i_1_n_0
    SLICE_X110Y105       CARRY4 (Prop_carry4_CI_CO[3])
                                                      0.114     5.846 r  Hz/clock_div_count_reg[8]_i_1/CO[3]
                         net (fo=1, routed)           0.000     5.846    Hz/clock_div_count_reg[8]_i_1_n_0
    SLICE_X110Y106       CARRY4 (Prop_carry4_CI_CO[3])
                                                      0.114     5.960 r  Hz/clock_div_count_reg[12]_i_1/CO[3]
                         net (fo=1, routed)           0.000     5.960    Hz/clock_div_count_reg[12]_i_1_n_0
    SLICE_X110Y107       CARRY4 (Prop_carry4_CI_CO[3])
                                                      0.114     6.074 r  Hz/clock_div_count_reg[16]_i_1/CO[3]
                         net (fo=1, routed)           0.000     6.074    Hz/clock_div_count_reg[16]_i_1_n_0
    SLICE_X110Y108       CARRY4 (Prop_carry4_CI_O[1])
                                                      0.334     6.408 r  Hz/clock_div_count_reg[20]_i_1/O[1]
                         net (fo=1, routed)           0.000     6.408    Hz/clock_div_count_reg[20]_i_1_n_6
    SLICE_X110Y108       FDCE                                         r  Hz/clock_div_count_reg[21]/D
  -------------------------------------------------------------------    -------------------





Min Delay Paths
--------------------------------------------------------------------------------------
Slack:                    inf
  Source:                 Hz/one_second_counter_reg/C
                            (rising edge-triggered cell FDPE)
  Destination:            Hz/one_second_counter_buffer_reg/D
  Path Group:             (none)
  Path Type:              Min at Fast Process Corner
  Data Path Delay:        0.263ns  (logic 0.141ns (53.514%)  route 0.122ns (46.486%))
  Logic Levels:           1  (FDPE=1)

    Location             Delay type                Incr(ns)  Path(ns)    Netlist Resource(s)
  -------------------------------------------------------------------    -------------------
    SLICE_X111Y105       FDPE                         0.000     0.000 r  Hz/one_second_counter_reg/C
    SLICE_X111Y105       FDPE (Prop_fdpe_C_Q)         0.141     0.141 r  Hz/one_second_counter_reg/Q
                         net (fo=3, routed)           0.122     0.263    Hz/one_second_counter
    SLICE_X112Y104       FDPE                                         r  Hz/one_second_counter_buffer_reg/D
  -------------------------------------------------------------------    -------------------

Slack:                    inf
  Source:                 counter_reg[0]/C
                            (rising edge-triggered cell FDCE)
  Destination:            counter_reg[1]/D
  Path Group:             (none)
  Path Type:              Min at Fast Process Corner
  Data Path Delay:        0.365ns  (logic 0.183ns (50.196%)  route 0.182ns (49.804%))
  Logic Levels:           2  (FDCE=1 LUT2=1)

    Location             Delay type                Incr(ns)  Path(ns)    Netlist Resource(s)
  -------------------------------------------------------------------    -------------------
    SLICE_X113Y103       FDCE                         0.000     0.000 r  counter_reg[0]/C
    SLICE_X113Y103       FDCE (Prop_fdce_C_Q)         0.141     0.141 r  counter_reg[0]/Q
                         net (fo=5, routed)           0.182     0.323    counter_reg_n_0_[0]
    SLICE_X113Y103       LUT2 (Prop_lut2_I0_O)        0.042     0.365 r  counter[1]_i_1/O
                         net (fo=1, routed)           0.000     0.365    p_0_in[1]
    SLICE_X113Y103       FDCE                                         r  counter_reg[1]/D
  -------------------------------------------------------------------    -------------------

Slack:                    inf
  Source:                 Hz/one_second_counter_reg/C
                            (rising edge-triggered cell FDPE)
  Destination:            Hz/one_second_counter_reg/D
  Path Group:             (none)
  Path Type:              Min at Fast Process Corner
  Data Path Delay:        0.366ns  (logic 0.186ns (50.759%)  route 0.180ns (49.241%))
  Logic Levels:           2  (FDPE=1 LUT6=1)

    Location             Delay type                Incr(ns)  Path(ns)    Netlist Resource(s)
  -------------------------------------------------------------------    -------------------
    SLICE_X111Y105       FDPE                         0.000     0.000 r  Hz/one_second_counter_reg/C
    SLICE_X111Y105       FDPE (Prop_fdpe_C_Q)         0.141     0.141 r  Hz/one_second_counter_reg/Q
                         net (fo=3, routed)           0.180     0.321    Hz/one_second_counter
    SLICE_X111Y105       LUT6 (Prop_lut6_I5_O)        0.045     0.366 r  Hz/one_second_counter_i_1/O
                         net (fo=1, routed)           0.000     0.366    Hz/one_second_counter_i_1_n_0
    SLICE_X111Y105       FDPE                                         r  Hz/one_second_counter_reg/D
  -------------------------------------------------------------------    -------------------

Slack:                    inf
  Source:                 counter_reg[0]/C
                            (rising edge-triggered cell FDCE)
  Destination:            counter_reg[0]/D
  Path Group:             (none)
  Path Type:              Min at Fast Process Corner
  Data Path Delay:        0.368ns  (logic 0.186ns (50.602%)  route 0.182ns (49.398%))
  Logic Levels:           2  (FDCE=1 LUT1=1)

    Location             Delay type                Incr(ns)  Path(ns)    Netlist Resource(s)
  -------------------------------------------------------------------    -------------------
    SLICE_X113Y103       FDCE                         0.000     0.000 r  counter_reg[0]/C
    SLICE_X113Y103       FDCE (Prop_fdce_C_Q)         0.141     0.141 f  counter_reg[0]/Q
                         net (fo=5, routed)           0.182     0.323    counter_reg_n_0_[0]
    SLICE_X113Y103       LUT1 (Prop_lut1_I0_O)        0.045     0.368 r  counter[0]_i_1/O
                         net (fo=1, routed)           0.000     0.368    p_0_in[0]
    SLICE_X113Y103       FDCE                                         r  counter_reg[0]/D
  -------------------------------------------------------------------    -------------------

Slack:                    inf
  Source:                 counter_reg[0]/C
                            (rising edge-triggered cell FDCE)
  Destination:            counter_reg[3]/D
  Path Group:             (none)
  Path Type:              Min at Fast Process Corner
  Data Path Delay:        0.368ns  (logic 0.184ns (50.058%)  route 0.184ns (49.942%))
  Logic Levels:           2  (FDCE=1 LUT4=1)

    Location             Delay type                Incr(ns)  Path(ns)    Netlist Resource(s)
  -------------------------------------------------------------------    -------------------
    SLICE_X113Y103       FDCE                         0.000     0.000 r  counter_reg[0]/C
    SLICE_X113Y103       FDCE (Prop_fdce_C_Q)         0.141     0.141 r  counter_reg[0]/Q
                         net (fo=5, routed)           0.184     0.325    counter_reg_n_0_[0]
    SLICE_X113Y103       LUT4 (Prop_lut4_I2_O)        0.043     0.368 r  counter[3]_i_2/O
                         net (fo=1, routed)           0.000     0.368    p_0_in[3]
    SLICE_X113Y103       FDCE                                         r  counter_reg[3]/D
  -------------------------------------------------------------------    -------------------

Slack:                    inf
  Source:                 counter_reg[0]/C
                            (rising edge-triggered cell FDCE)
  Destination:            counter_reg[2]/D
  Path Group:             (none)
  Path Type:              Min at Fast Process Corner
  Data Path Delay:        0.370ns  (logic 0.186ns (50.328%)  route 0.184ns (49.672%))
  Logic Levels:           2  (FDCE=1 LUT3=1)

    Location             Delay type                Incr(ns)  Path(ns)    Netlist Resource(s)
  -------------------------------------------------------------------    -------------------
    SLICE_X113Y103       FDCE                         0.000     0.000 r  counter_reg[0]/C
    SLICE_X113Y103       FDCE (Prop_fdce_C_Q)         0.141     0.141 r  counter_reg[0]/Q
                         net (fo=5, routed)           0.184     0.325    counter_reg_n_0_[0]
    SLICE_X113Y103       LUT3 (Prop_lut3_I0_O)        0.045     0.370 r  counter[2]_i_1/O
                         net (fo=1, routed)           0.000     0.370    p_0_in[2]
    SLICE_X113Y103       FDCE                                         r  counter_reg[2]/D
  -------------------------------------------------------------------    -------------------

Slack:                    inf
  Source:                 Hz/clock_div_count_reg[27]/C
                            (rising edge-triggered cell FDCE)
  Destination:            Hz/clock_div_count_reg[27]/D
  Path Group:             (none)
  Path Type:              Min at Fast Process Corner
  Data Path Delay:        0.422ns  (logic 0.249ns (58.995%)  route 0.173ns (41.005%))
  Logic Levels:           3  (CARRY4=1 FDCE=1 LUT6=1)

    Location             Delay type                Incr(ns)  Path(ns)    Netlist Resource(s)
  -------------------------------------------------------------------    -------------------
    SLICE_X110Y109       FDCE                         0.000     0.000 r  Hz/clock_div_count_reg[27]/C
    SLICE_X110Y109       FDCE (Prop_fdce_C_Q)         0.141     0.141 r  Hz/clock_div_count_reg[27]/Q
                         net (fo=3, routed)           0.173     0.314    Hz/clock_div_count_reg[27]
    SLICE_X110Y109       LUT6 (Prop_lut6_I5_O)        0.045     0.359 r  Hz/clock_div_count[24]_i_2/O
                         net (fo=1, routed)           0.000     0.359    Hz/clock_div_count[24]_i_2_n_0
    SLICE_X110Y109       CARRY4 (Prop_carry4_S[3]_O[3])
                                                      0.063     0.422 r  Hz/clock_div_count_reg[24]_i_1/O[3]
                         net (fo=1, routed)           0.000     0.422    Hz/clock_div_count_reg[24]_i_1_n_4
    SLICE_X110Y109       FDCE                                         r  Hz/clock_div_count_reg[27]/D
  -------------------------------------------------------------------    -------------------

Slack:                    inf
  Source:                 Hz/clock_div_count_reg[31]/C
                            (rising edge-triggered cell FDCE)
  Destination:            Hz/clock_div_count_reg[31]/D
  Path Group:             (none)
  Path Type:              Min at Fast Process Corner
  Data Path Delay:        0.432ns  (logic 0.249ns (57.620%)  route 0.183ns (42.380%))
  Logic Levels:           3  (CARRY4=1 FDCE=1 LUT6=1)

    Location             Delay type                Incr(ns)  Path(ns)    Netlist Resource(s)
  -------------------------------------------------------------------    -------------------
    SLICE_X110Y110       FDCE                         0.000     0.000 r  Hz/clock_div_count_reg[31]/C
    SLICE_X110Y110       FDCE (Prop_fdce_C_Q)         0.141     0.141 r  Hz/clock_div_count_reg[31]/Q
                         net (fo=3, routed)           0.183     0.324    Hz/clock_div_count_reg[31]
    SLICE_X110Y110       LUT6 (Prop_lut6_I5_O)        0.045     0.369 r  Hz/clock_div_count[28]_i_2/O
                         net (fo=1, routed)           0.000     0.369    Hz/clock_div_count[28]_i_2_n_0
    SLICE_X110Y110       CARRY4 (Prop_carry4_S[3]_O[3])
                                                      0.063     0.432 r  Hz/clock_div_count_reg[28]_i_1/O[3]
                         net (fo=1, routed)           0.000     0.432    Hz/clock_div_count_reg[28]_i_1_n_4
    SLICE_X110Y110       FDCE                                         r  Hz/clock_div_count_reg[31]/D
  -------------------------------------------------------------------    -------------------

Slack:                    inf
  Source:                 Hz/clock_div_count_reg[3]/C
                            (rising edge-triggered cell FDCE)
  Destination:            Hz/clock_div_count_reg[3]/D
  Path Group:             (none)
  Path Type:              Min at Fast Process Corner
  Data Path Delay:        0.432ns  (logic 0.249ns (57.620%)  route 0.183ns (42.380%))
  Logic Levels:           3  (CARRY4=1 FDCE=1 LUT6=1)

    Location             Delay type                Incr(ns)  Path(ns)    Netlist Resource(s)
  -------------------------------------------------------------------    -------------------
    SLICE_X110Y103       FDCE                         0.000     0.000 r  Hz/clock_div_count_reg[3]/C
    SLICE_X110Y103       FDCE (Prop_fdce_C_Q)         0.141     0.141 r  Hz/clock_div_count_reg[3]/Q
                         net (fo=3, routed)           0.183     0.324    Hz/clock_div_count_reg[3]
    SLICE_X110Y103       LUT6 (Prop_lut6_I5_O)        0.045     0.369 r  Hz/clock_div_count[0]_i_3/O
                         net (fo=1, routed)           0.000     0.369    Hz/clock_div_count[0]_i_3_n_0
    SLICE_X110Y103       CARRY4 (Prop_carry4_S[3]_O[3])
                                                      0.063     0.432 r  Hz/clock_div_count_reg[0]_i_1/O[3]
                         net (fo=1, routed)           0.000     0.432    Hz/clock_div_count_reg[0]_i_1_n_4
    SLICE_X110Y103       FDCE                                         r  Hz/clock_div_count_reg[3]/D
  -------------------------------------------------------------------    -------------------

Slack:                    inf
  Source:                 Hz/clock_div_count_reg[15]/C
                            (rising edge-triggered cell FDCE)
  Destination:            Hz/clock_div_count_reg[15]/D
  Path Group:             (none)
  Path Type:              Min at Fast Process Corner
  Data Path Delay:        0.433ns  (logic 0.249ns (57.483%)  route 0.184ns (42.517%))
  Logic Levels:           3  (CARRY4=1 FDCE=1 LUT6=1)

    Location             Delay type                Incr(ns)  Path(ns)    Netlist Resource(s)
  -------------------------------------------------------------------    -------------------
    SLICE_X110Y106       FDCE                         0.000     0.000 r  Hz/clock_div_count_reg[15]/C
    SLICE_X110Y106       FDCE (Prop_fdce_C_Q)         0.141     0.141 r  Hz/clock_div_count_reg[15]/Q
                         net (fo=3, routed)           0.184     0.325    Hz/clock_div_count_reg[15]
    SLICE_X110Y106       LUT6 (Prop_lut6_I5_O)        0.045     0.370 r  Hz/clock_div_count[12]_i_2/O
                         net (fo=1, routed)           0.000     0.370    Hz/clock_div_count[12]_i_2_n_0
    SLICE_X110Y106       CARRY4 (Prop_carry4_S[3]_O[3])
                                                      0.063     0.433 r  Hz/clock_div_count_reg[12]_i_1/O[3]
                         net (fo=1, routed)           0.000     0.433    Hz/clock_div_count_reg[12]_i_1_n_4
    SLICE_X110Y106       FDCE                                         r  Hz/clock_div_count_reg[15]/D
  -------------------------------------------------------------------    -------------------





